Archive member included to satisfy reference by file (symbol)

c:/nxp/s32ds_3.4/s32ds/build_tools/gcc_v6.3/gcc-6.3-arm32-eabi/bin/../lib/gcc/arm-none-eabi/6.3.1/thumb/v6-m\libgcc.a(_udivsi3.o)
                              ./SDK/platform/devices/S32K116/startup/system_S32K116.o (__aeabi_uidiv)
c:/nxp/s32ds_3.4/s32ds/build_tools/gcc_v6.3/gcc-6.3-arm32-eabi/bin/../lib/gcc/arm-none-eabi/6.3.1/thumb/v6-m\libgcc.a(_dvmd_tls.o)
                              c:/nxp/s32ds_3.4/s32ds/build_tools/gcc_v6.3/gcc-6.3-arm32-eabi/bin/../lib/gcc/arm-none-eabi/6.3.1/thumb/v6-m\libgcc.a(_udivsi3.o) (__aeabi_idiv0)
C:/NXP/S32DS_3.4/S32DS/build_tools/gcc_b1620/gcc-6.3-arm32-eabi/arm-none-eabi/newlib/lib/thumb/v6-m\libc.a(lib_a-exit.o)
                              C:/NXP/S32DS_3.4/S32DS/build_tools/gcc_b1620/gcc-6.3-arm32-eabi/arm-none-eabi/newlib/lib/thumb/v6-m/crt0.o (exit)
C:/NXP/S32DS_3.4/S32DS/build_tools/gcc_b1620/gcc-6.3-arm32-eabi/arm-none-eabi/newlib/lib/thumb/v6-m\libc.a(lib_a-impure.o)
                              C:/NXP/S32DS_3.4/S32DS/build_tools/gcc_b1620/gcc-6.3-arm32-eabi/arm-none-eabi/newlib/lib/thumb/v6-m\libc.a(lib_a-exit.o) (_global_impure_ptr)
C:/NXP/S32DS_3.4/S32DS/build_tools/gcc_b1620/gcc-6.3-arm32-eabi/arm-none-eabi/newlib/lib/thumb/v6-m\libc.a(lib_a-init.o)
                              C:/NXP/S32DS_3.4/S32DS/build_tools/gcc_b1620/gcc-6.3-arm32-eabi/arm-none-eabi/newlib/lib/thumb/v6-m/crt0.o (__libc_init_array)
C:/NXP/S32DS_3.4/S32DS/build_tools/gcc_b1620/gcc-6.3-arm32-eabi/arm-none-eabi/newlib/lib/thumb/v6-m\libc.a(lib_a-memset.o)
                              C:/NXP/S32DS_3.4/S32DS/build_tools/gcc_b1620/gcc-6.3-arm32-eabi/arm-none-eabi/newlib/lib/thumb/v6-m/crt0.o (memset)
C:/NXP/S32DS_3.4/S32DS/build_tools/gcc_b1620/gcc-6.3-arm32-eabi/arm-none-eabi/newlib/lib/thumb/v6-m\libc.a(lib_a-__call_atexit.o)
                              C:/NXP/S32DS_3.4/S32DS/build_tools/gcc_b1620/gcc-6.3-arm32-eabi/arm-none-eabi/newlib/lib/thumb/v6-m\libc.a(lib_a-exit.o) (__call_exitprocs)
C:/NXP/S32DS_3.4/S32DS/build_tools/gcc_b1620/gcc-6.3-arm32-eabi/arm-none-eabi/newlib/lib/thumb/v6-m\libc.a(lib_a-fini.o)
                              C:/NXP/S32DS_3.4/S32DS/build_tools/gcc_b1620/gcc-6.3-arm32-eabi/arm-none-eabi/newlib/lib/thumb/v6-m\libc.a(lib_a-__call_atexit.o) (__libc_fini_array)
C:/NXP/S32DS_3.4/S32DS/build_tools/gcc_b1620/gcc-6.3-arm32-eabi/arm-none-eabi/newlib/lib/thumb/v6-m\libc.a(lib_a-atexit.o)
                              C:/NXP/S32DS_3.4/S32DS/build_tools/gcc_b1620/gcc-6.3-arm32-eabi/arm-none-eabi/newlib/lib/thumb/v6-m\libc.a(lib_a-__call_atexit.o) (atexit)
C:/NXP/S32DS_3.4/S32DS/build_tools/gcc_b1620/gcc-6.3-arm32-eabi/arm-none-eabi/newlib/lib/thumb/v6-m\libc.a(lib_a-__atexit.o)
                              C:/NXP/S32DS_3.4/S32DS/build_tools/gcc_b1620/gcc-6.3-arm32-eabi/arm-none-eabi/newlib/lib/thumb/v6-m\libc.a(lib_a-atexit.o) (__register_exitproc)
C:/NXP/S32DS_3.4/S32DS/build_tools/gcc_b1620/gcc-6.3-arm32-eabi/arm-none-eabi/newlib/lib/thumb/v6-m\libnosys.a(_exit.o)
                              C:/NXP/S32DS_3.4/S32DS/build_tools/gcc_b1620/gcc-6.3-arm32-eabi/arm-none-eabi/newlib/lib/thumb/v6-m\libc.a(lib_a-exit.o) (_exit)

Discarded input sections

 .text          0x00000000        0x0 c:/nxp/s32ds_3.4/s32ds/build_tools/gcc_v6.3/gcc-6.3-arm32-eabi/bin/../lib/gcc/arm-none-eabi/6.3.1/thumb/v6-m/crti.o
 .data          0x00000000        0x0 c:/nxp/s32ds_3.4/s32ds/build_tools/gcc_v6.3/gcc-6.3-arm32-eabi/bin/../lib/gcc/arm-none-eabi/6.3.1/thumb/v6-m/crti.o
 .bss           0x00000000        0x0 c:/nxp/s32ds_3.4/s32ds/build_tools/gcc_v6.3/gcc-6.3-arm32-eabi/bin/../lib/gcc/arm-none-eabi/6.3.1/thumb/v6-m/crti.o
 .text          0x00000000       0xb4 c:/nxp/s32ds_3.4/s32ds/build_tools/gcc_v6.3/gcc-6.3-arm32-eabi/bin/../lib/gcc/arm-none-eabi/6.3.1/thumb/v6-m/crtbegin.o
 .data          0x00000000        0x4 c:/nxp/s32ds_3.4/s32ds/build_tools/gcc_v6.3/gcc-6.3-arm32-eabi/bin/../lib/gcc/arm-none-eabi/6.3.1/thumb/v6-m/crtbegin.o
 .bss           0x00000000       0x1c c:/nxp/s32ds_3.4/s32ds/build_tools/gcc_v6.3/gcc-6.3-arm32-eabi/bin/../lib/gcc/arm-none-eabi/6.3.1/thumb/v6-m/crtbegin.o
 .init_array    0x00000000        0x4 c:/nxp/s32ds_3.4/s32ds/build_tools/gcc_v6.3/gcc-6.3-arm32-eabi/bin/../lib/gcc/arm-none-eabi/6.3.1/thumb/v6-m/crtbegin.o
 .fini_array    0x00000000        0x4 c:/nxp/s32ds_3.4/s32ds/build_tools/gcc_v6.3/gcc-6.3-arm32-eabi/bin/../lib/gcc/arm-none-eabi/6.3.1/thumb/v6-m/crtbegin.o
 .eh_frame      0x00000000        0x0 c:/nxp/s32ds_3.4/s32ds/build_tools/gcc_v6.3/gcc-6.3-arm32-eabi/bin/../lib/gcc/arm-none-eabi/6.3.1/thumb/v6-m/crtbegin.o
 .jcr           0x00000000        0x0 c:/nxp/s32ds_3.4/s32ds/build_tools/gcc_v6.3/gcc-6.3-arm32-eabi/bin/../lib/gcc/arm-none-eabi/6.3.1/thumb/v6-m/crtbegin.o
 .tm_clone_table
                0x00000000        0x0 c:/nxp/s32ds_3.4/s32ds/build_tools/gcc_v6.3/gcc-6.3-arm32-eabi/bin/../lib/gcc/arm-none-eabi/6.3.1/thumb/v6-m/crtbegin.o
[...]
Memory Configuration

Name             Origin             Length             Attributes
m_interrupts     0x00000000         0x000000c0         xr
m_flash_config   0x00000400         0x00000010         xr
m_text           0x00000410         0x0001fbf0         xr
m_custom         0x1ffffc00         0x00000400         rw
m_data           0x20000000         0x000020c0         rw
m_data_2         0x200020c0         0x00001740         rw
*default*        0x00000000         0xffffffff

Linker script and memory map

LOAD c:/nxp/s32ds_3.4/s32ds/build_tools/gcc_v6.3/gcc-6.3-arm32-eabi/bin/../lib/gcc/arm-none-eabi/6.3.1/thumb/v6-m/crti.o
LOAD c:/nxp/s32ds_3.4/s32ds/build_tools/gcc_v6.3/gcc-6.3-arm32-eabi/bin/../lib/gcc/arm-none-eabi/6.3.1/thumb/v6-m/crtbegin.o
LOAD C:/NXP/S32DS_3.4/S32DS/build_tools/gcc_b1620/gcc-6.3-arm32-eabi/arm-none-eabi/newlib/lib/thumb/v6-m/crt0.o
LOAD ./Project_Settings/Startup_Code/startup_S32K116.o
LOAD ./SDK/platform/devices/S32K116/startup/system_S32K116.o
LOAD ./SDK/platform/devices/startup.o
LOAD ./SDK/platform/drivers/src/clock/S32K1xx/clock_S32K1xx.o
LOAD ./SDK/platform/drivers/src/edma/edma_driver.o
LOAD ./SDK/platform/drivers/src/edma/edma_hw_access.o
LOAD ./SDK/platform/drivers/src/edma/edma_irq.o
LOAD ./SDK/platform/drivers/src/flexcan/flexcan_driver.o
LOAD ./SDK/platform/drivers/src/flexcan/flexcan_hw_access.o
LOAD ./SDK/platform/drivers/src/flexcan/flexcan_irq.o
LOAD ./SDK/platform/drivers/src/ftm/ftm_common.o
LOAD ./SDK/platform/drivers/src/ftm/ftm_hw_access.o
LOAD ./SDK/platform/drivers/src/ftm/ftm_pwm_driver.o
LOAD ./SDK/platform/drivers/src/interrupt/interrupt_manager.o
LOAD ./SDK/platform/drivers/src/pins/pins_driver.o
LOAD ./SDK/platform/drivers/src/pins/pins_port_hw_access.o
LOAD ./SDK/platform/pal/src/can/can_pal.o
LOAD ./SDK/rtos/osif/osif_baremetal.o
LOAD ./board/clock_config.o
LOAD ./board/peripherals_can_pal_1.o
LOAD ./board/peripherals_flexTimer_pwm_1.o
LOAD ./board/peripherals_flexTimer_pwm_2.o
LOAD ./board/pin_mux.o
LOAD ./src/main.o
START GROUP
LOAD c:/nxp/s32ds_3.4/s32ds/build_tools/gcc_v6.3/gcc-6.3-arm32-eabi/bin/../lib/gcc/arm-none-eabi/6.3.1/thumb/v6-m\libgcc.a
LOAD C:/NXP/S32DS_3.4/S32DS/build_tools/gcc_b1620/gcc-6.3-arm32-eabi/arm-none-eabi/newlib/lib/thumb/v6-m\libc.a
END GROUP
START GROUP
LOAD c:/nxp/s32ds_3.4/s32ds/build_tools/gcc_v6.3/gcc-6.3-arm32-eabi/bin/../lib/gcc/arm-none-eabi/6.3.1/thumb/v6-m\libgcc.a
LOAD C:/NXP/S32DS_3.4/S32DS/build_tools/gcc_b1620/gcc-6.3-arm32-eabi/arm-none-eabi/newlib/lib/thumb/v6-m\libc.a
LOAD C:/NXP/S32DS_3.4/S32DS/build_tools/gcc_b1620/gcc-6.3-arm32-eabi/arm-none-eabi/newlib/lib/thumb/v6-m\libnosys.a
END GROUP
LOAD c:/nxp/s32ds_3.4/s32ds/build_tools/gcc_v6.3/gcc-6.3-arm32-eabi/bin/../lib/gcc/arm-none-eabi/6.3.1/thumb/v6-m/crtend.o
LOAD c:/nxp/s32ds_3.4/s32ds/build_tools/gcc_v6.3/gcc-6.3-arm32-eabi/bin/../lib/gcc/arm-none-eabi/6.3.1/thumb/v6-m/crtn.o
                0x00000200                HEAP_SIZE = DEFINED (__heap_size__)?__heap_size__:0x200
                0x00000200                STACK_SIZE = DEFINED (__stack_size__)?__stack_size__:0x200
                0x000000c0                M_VECTOR_RAM_SIZE = DEFINED (__flash_vector_table__)?0x0:0xc0

.interrupts     0x00000000       0xc0
                0x00000000                __VECTOR_TABLE = .
                0x00000000                __interrupts_start__ = .
                0x00000000                . = ALIGN (0x4)
 *(.isr_vector)
 .isr_vector    0x00000000       0xc0 ./Project_Settings/Startup_Code/startup_S32K116.o
                0x00000000                __isr_vector
                0x000000c0                __interrupts_end__ = .
                0x000000c0                . = ALIGN (0x4)

.flash_config   0x00000400       0x10
                0x00000400                . = ALIGN (0x4)
 *(.FlashConfig)
 .FlashConfig   0x00000400       0x10 ./Project_Settings/Startup_Code/startup_S32K116.o
                0x00000410                . = ALIGN (0x4)

.text           0x00000410     0x2b68
                0x00000410                . = ALIGN (0x4)
 *(.text)
 .text          0x00000410       0x60 ./Project_Settings/Startup_Code/startup_S32K116.o
                0x00000410                Reset_Handler
                0x0000046c                ERM_fault_IRQHandler
                0x0000046c                PendSV_Handler
                0x0000046c                NMI_Handler
                0x0000046c                LPIT0_IRQHandler
                0x0000046c                ADC0_IRQHandler
                0x0000046c                FTM0_Ovf_Reload_IRQHandler
                0x0000046c                FTM1_Ch0_7_IRQHandler
                0x0000046c                DefaultISR
                0x0000046c                SCG_CMU_LVD_LVWSCG_IRQHandler
                0x0000046c                FTM0_Ch0_7_IRQHandler
                0x0000046c                RTC_IRQHandler
                0x0000046c                PDB0_IRQHandler
                0x0000046c                HardFault_Handler
                0x0000046c                Reserved27_IRQHandler
                0x0000046c                LPUART1_RxTx_IRQHandler
                0x0000046c                RTC_Seconds_IRQHandler
                0x0000046c                FTFC_IRQHandler
                0x0000046c                LPSPI0_IRQHandler
                0x0000046c                FTM0_Fault_IRQHandler
                0x0000046c                SVC_Handler
                0x0000046c                RCM_IRQHandler
                0x0000046c                FTM1_Fault_IRQHandler
                0x0000046c                LPI2C0_Master_Slave_IRQHandler
                0x0000046c                LPUART0_RxTx_IRQHandler
                0x0000046c                WDOG_IRQHandler
                0x0000046c                LPTMR0_IRQHandler
                0x0000046c                FTM1_Ovf_Reload_IRQHandler
                0x0000046c                CMP0_IRQHandler
                0x0000046c                PORT_IRQHandler
                0x0000046c                FLEXIO_IRQHandler
 .text          0x00000470      0x114 c:/nxp/s32ds_3.4/s32ds/build_tools/gcc_v6.3/gcc-6.3-arm32-eabi/bin/../lib/gcc/arm-none-eabi/6.3.1/thumb/v6-m\libgcc.a(_udivsi3.o)
                0x00000470                __aeabi_uidiv
                0x00000470                __udivsi3
                0x0000057c                __aeabi_uidivmod
 .text          0x00000584        0x4 c:/nxp/s32ds_3.4/s32ds/build_tools/gcc_v6.3/gcc-6.3-arm32-eabi/bin/../lib/gcc/arm-none-eabi/6.3.1/thumb/v6-m\libgcc.a(_dvmd_tls.o)
                0x00000584                __aeabi_idiv0
                0x00000584                __aeabi_ldiv0
 *(.text*)
 .text.SystemInit
                0x00000588       0x24 ./SDK/platform/devices/S32K116/startup/system_S32K116.o
                0x00000588                SystemInit
 .text.init_data_bss
                0x000005ac       0xdc ./SDK/platform/devices/startup.o
                0x000005ac                init_data_bss
 .text.CLOCK_SYS_GetCurrentRunMode
                0x00000688       0x28 ./SDK/platform/drivers/src/clock/S32K1xx/clock_S32K1xx.o
 .text.CLOCK_SYS_GetSysOscFreq
                0x000006b0       0x1c ./SDK/platform/drivers/src/clock/S32K1xx/clock_S32K1xx.o
 .text.CLOCK_SYS_ConfigureSOSC
                0x000006cc      0x124 ./SDK/platform/drivers/src/clock/S32K1xx/clock_S32K1xx.o
 .text.CLOCK_SYS_GetSircFreq
                0x000007f0       0x28 ./SDK/platform/drivers/src/clock/S32K1xx/clock_S32K1xx.o
 .text.CLOCK_SYS_ConfigureSIRC
                0x00000818       0xc4 ./SDK/platform/drivers/src/clock/S32K1xx/clock_S32K1xx.o
 .text.CLOCK_SYS_GetFircFreq
                0x000008dc       0x24 ./SDK/platform/drivers/src/clock/S32K1xx/clock_S32K1xx.o
 .text.CLOCK_SYS_ConfigureFIRC
                0x00000900       0xb4 ./SDK/platform/drivers/src/clock/S32K1xx/clock_S32K1xx.o
 .text.CLOCK_SYS_SetSystemClockConfig
                0x000009b4      0x140 ./SDK/platform/drivers/src/clock/S32K1xx/clock_S32K1xx.o
 .text.CLOCK_SYS_TransitionSystemClock
                0x00000af4       0x3c ./SDK/platform/drivers/src/clock/S32K1xx/clock_S32K1xx.o
 .text.CLOCK_SYS_GetSystemClockFreq
                0x00000b30       0x70 ./SDK/platform/drivers/src/clock/S32K1xx/clock_S32K1xx.o
 .text.CLOCK_SYS_GetScgClkOutFreq
                0x00000ba0       0x3c ./SDK/platform/drivers/src/clock/S32K1xx/clock_S32K1xx.o
 .text.CLOCK_SYS_GetSysAsyncFreq
                0x00000bdc       0xbc ./SDK/platform/drivers/src/clock/S32K1xx/clock_S32K1xx.o
 .text.CLOCK_SYS_GetSimRtcClkFreq
                0x00000c98       0x50 ./SDK/platform/drivers/src/clock/S32K1xx/clock_S32K1xx.o
 .text.CLOCK_SYS_GetLpoFreq
                0x00000ce8       0x4c ./SDK/platform/drivers/src/clock/S32K1xx/clock_S32K1xx.o
 .text.CLOCK_SYS_GetSimClkOutFreq
                0x00000d34       0x9c ./SDK/platform/drivers/src/clock/S32K1xx/clock_S32K1xx.o
 .text.CLOCK_SYS_GetSimClockFreq
                0x00000dd0      0x168 ./SDK/platform/drivers/src/clock/S32K1xx/clock_S32K1xx.o
 .text.CLOCK_SYS_GetPeripheralClock
                0x00000f38       0x9c ./SDK/platform/drivers/src/clock/S32K1xx/clock_S32K1xx.o
 .text.CLOCK_DRV_Init
                0x00000fd4      0x4e4 ./SDK/platform/drivers/src/clock/S32K1xx/clock_S32K1xx.o
                0x00000fd4                CLOCK_DRV_Init
 .text.CLOCK_DRV_GetFreq
                0x000014b8      0x1d4 ./SDK/platform/drivers/src/clock/S32K1xx/clock_S32K1xx.o
                0x000014b8                CLOCK_DRV_GetFreq
 .text.CLOCK_SYS_Init
                0x0000168c       0x18 ./SDK/platform/drivers/src/clock/S32K1xx/clock_S32K1xx.o
                0x0000168c                CLOCK_SYS_Init
 .text.CLOCK_SYS_UpdateConfiguration
                0x000016a4      0x114 ./SDK/platform/drivers/src/clock/S32K1xx/clock_S32K1xx.o
                0x000016a4                CLOCK_SYS_UpdateConfiguration
 .text.CLOCK_SYS_GetFreq
                0x000017b8        0x8 ./SDK/platform/drivers/src/clock/S32K1xx/clock_S32K1xx.o
                0x000017b8                CLOCK_SYS_GetFreq
 .text.EDMA_DRV_IRQHandler
                0x000017c0       0x30 ./SDK/platform/drivers/src/edma/edma_driver.o
                0x000017c0                EDMA_DRV_IRQHandler
 .text.EDMA_DRV_ErrorIRQHandler
                0x000017f0       0x44 ./SDK/platform/drivers/src/edma/edma_driver.o
                0x000017f0                EDMA_DRV_ErrorIRQHandler
 .text.EDMA_DRV_StopChannel
                0x00001834       0x18 ./SDK/platform/drivers/src/edma/edma_driver.o
                0x00001834                EDMA_DRV_StopChannel
 .text.EDMA_DRV_GetDmaRegBaseAddr
                0x0000184c        0x8 ./SDK/platform/drivers/src/edma/edma_driver.o
                0x0000184c                EDMA_DRV_GetDmaRegBaseAddr
 .text.EDMA_SetDmaRequestCmd
                0x00001854        0xc ./SDK/platform/drivers/src/edma/edma_hw_access.o
                0x00001854                EDMA_SetDmaRequestCmd
 .text.DMA0_IRQHandler
                0x00001860        0xa ./SDK/platform/drivers/src/edma/edma_irq.o
                0x00001860                DMA0_IRQHandler
 .text.DMA1_IRQHandler
                0x0000186a        0xa ./SDK/platform/drivers/src/edma/edma_irq.o
                0x0000186a                DMA1_IRQHandler
 .text.DMA2_IRQHandler
                0x00001874        0xa ./SDK/platform/drivers/src/edma/edma_irq.o
                0x00001874                DMA2_IRQHandler
 .text.DMA3_IRQHandler
                0x0000187e        0xa ./SDK/platform/drivers/src/edma/edma_irq.o
                0x0000187e                DMA3_IRQHandler
 .text.DMA_Error_IRQHandler
                0x00001888       0x28 ./SDK/platform/drivers/src/edma/edma_irq.o
                0x00001888                DMA_Error_IRQHandler
 .text.FLEXCAN_CompleteRxMessageFifoData
                0x000018b0       0xb4 ./SDK/platform/drivers/src/flexcan/flexcan_driver.o
 .text.FLEXCAN_CompleteTransfer
                0x00001964       0x34 ./SDK/platform/drivers/src/flexcan/flexcan_driver.o
 .text.FLEXCAN_Error_IRQHandler
                0x00001998       0x28 ./SDK/platform/drivers/src/flexcan/flexcan_driver.o
                0x00001998                FLEXCAN_Error_IRQHandler
 .text.FLEXCAN_WakeUpHandler
                0x000019c0       0x78 ./SDK/platform/drivers/src/flexcan/flexcan_driver.o
                0x000019c0                FLEXCAN_WakeUpHandler
 .text.FLEXCAN_IRQHandler
                0x00001a38      0x298 ./SDK/platform/drivers/src/flexcan/flexcan_driver.o
                0x00001a38                FLEXCAN_IRQHandler
 .text.FLEXCAN_ComputePayloadSize
                0x00001cd0       0x40 ./SDK/platform/drivers/src/flexcan/flexcan_hw_access.o
 .text.FLEXCAN_SetMsgBuffIntCmd
                0x00001d10       0x22 ./SDK/platform/drivers/src/flexcan/flexcan_hw_access.o
                0x00001d10                FLEXCAN_SetMsgBuffIntCmd
 *fill*         0x00001d32        0x2 
 .text.FLEXCAN_ClearErrIntStatusFlag
                0x00001d34       0x10 ./SDK/platform/drivers/src/flexcan/flexcan_hw_access.o
                0x00001d34                FLEXCAN_ClearErrIntStatusFlag
 .text.FLEXCAN_ReadRxFifo
                0x00001d44       0x9a ./SDK/platform/drivers/src/flexcan/flexcan_hw_access.o
                0x00001d44                FLEXCAN_ReadRxFifo
 .text.FLEXCAN_GetPayloadSize
                0x00001dde       0x1c ./SDK/platform/drivers/src/flexcan/flexcan_hw_access.o
                0x00001dde                FLEXCAN_GetPayloadSize
 .text.FLEXCAN_GetMsgBuffRegion
                0x00001dfa       0x3c ./SDK/platform/drivers/src/flexcan/flexcan_hw_access.o
                0x00001dfa                FLEXCAN_GetMsgBuffRegion
 .text.FLEXCAN_LockRxMsgBuff
                0x00001e36        0xa ./SDK/platform/drivers/src/flexcan/flexcan_hw_access.o
                0x00001e36                FLEXCAN_LockRxMsgBuff
 .text.FLEXCAN_GetMsgBuff
                0x00001e40       0xe0 ./SDK/platform/drivers/src/flexcan/flexcan_hw_access.o
                0x00001e40                FLEXCAN_GetMsgBuff
 .text.CAN0_ORed_Err_Wakeup_IRQHandler
                0x00001f20        0xa ./SDK/platform/drivers/src/flexcan/flexcan_irq.o
                0x00001f20                CAN0_ORed_Err_Wakeup_IRQHandler
 .text.CAN0_ORed_0_31_MB_IRQHandler
                0x00001f2a        0xa ./SDK/platform/drivers/src/flexcan/flexcan_irq.o
                0x00001f2a                CAN0_ORed_0_31_MB_IRQHandler
 .text.FTM_DRV_SetSync
                0x00001f34      0x1dc ./SDK/platform/drivers/src/ftm/ftm_common.o
                0x00001f34                FTM_DRV_SetSync
 .text.FTM_DRV_GetFrequency
                0x00002110       0x64 ./SDK/platform/drivers/src/ftm/ftm_common.o
                0x00002110                FTM_DRV_GetFrequency
 .text.FTM_DRV_Init
                0x00002174       0xf4 ./SDK/platform/drivers/src/ftm/ftm_common.o
                0x00002174                FTM_DRV_Init
 .text.FTM_DRV_ConvertFreqToPeriodTicks
                0x00002268       0x18 ./SDK/platform/drivers/src/ftm/ftm_common.o
                0x00002268                FTM_DRV_ConvertFreqToPeriodTicks
 .text.FTM_DRV_InitModule
                0x00002280       0x16 ./SDK/platform/drivers/src/ftm/ftm_hw_access.o
                0x00002280                FTM_DRV_InitModule
 *fill*         0x00002296        0x2 
 .text.FTM_DRV_Reset
                0x00002298       0x94 ./SDK/platform/drivers/src/ftm/ftm_hw_access.o
                0x00002298                FTM_DRV_Reset
 .text.FTM_DRV_SetChnTriggerCmd
                0x0000232c       0x32 ./SDK/platform/drivers/src/ftm/ftm_hw_access.o
                0x0000232c                FTM_DRV_SetChnTriggerCmd
 *fill*         0x0000235e        0x2 
 .text.FTM_DRV_UpdatePwmChannel
                0x00002360      0x140 ./SDK/platform/drivers/src/ftm/ftm_pwm_driver.o
                0x00002360                FTM_DRV_UpdatePwmChannel
 .text.FTM_DRV_InitPwm
                0x000024a0      0x674 ./SDK/platform/drivers/src/ftm/ftm_pwm_driver.o
                0x000024a0                FTM_DRV_InitPwm
 .text.INT_SYS_EnableIRQ
                0x00002b14       0x18 ./SDK/platform/drivers/src/interrupt/interrupt_manager.o
                0x00002b14                INT_SYS_EnableIRQ
 .text.INT_SYS_DisableIRQ
                0x00002b2c       0x18 ./SDK/platform/drivers/src/interrupt/interrupt_manager.o
                0x00002b2c                INT_SYS_DisableIRQ
 .text.INT_SYS_EnableIRQGlobal
                0x00002b44       0x1c ./SDK/platform/drivers/src/interrupt/interrupt_manager.o
                0x00002b44                INT_SYS_EnableIRQGlobal
 .text.INT_SYS_DisableIRQGlobal
                0x00002b60       0x10 ./SDK/platform/drivers/src/interrupt/interrupt_manager.o
                0x00002b60                INT_SYS_DisableIRQGlobal
 .text.PINS_DRV_Init
                0x00002b70       0x1c ./SDK/platform/drivers/src/pins/pins_driver.o
                0x00002b70                PINS_DRV_Init
 .text.PINS_Init
                0x00002b8c       0xf8 ./SDK/platform/drivers/src/pins/pins_port_hw_access.o
                0x00002b8c                PINS_Init
 .text.SysTick_Handler
                0x00002c84       0x10 ./SDK/rtos/osif/osif_baremetal.o
                0x00002c84                SysTick_Handler
 .text.OSIF_TimeDelay
                0x00002c94       0x64 ./SDK/rtos/osif/osif_baremetal.o
                0x00002c94                OSIF_TimeDelay
 .text.OSIF_SemaPost
                0x00002cf8       0x26 ./SDK/rtos/osif/osif_baremetal.o
                0x00002cf8                OSIF_SemaPost
 *fill*         0x00002d1e        0x2 
 .text.main     0x00002d20       0xc4 ./src/main.o
                0x00002d20                main
 *(.rodata)
 *(.rodata*)
 .rodata.clockNameMappings
                0x00002de4       0x8a ./SDK/platform/drivers/src/clock/S32K1xx/clock_S32K1xx.o
                0x00002de4                clockNameMappings
 *fill*         0x00002e6e        0x2 
 .rodata.maxSysClksInRUN.6132
                0x00002e70       0x54 ./SDK/platform/drivers/src/clock/S32K1xx/clock_S32K1xx.o
 .rodata.maxSysClksInVLPR.6131
                0x00002ec4       0x54 ./SDK/platform/drivers/src/clock/S32K1xx/clock_S32K1xx.o
 .rodata.peripheralFeaturesList
                0x00002f18       0x45 ./SDK/platform/drivers/src/clock/S32K1xx/clock_S32K1xx.o
                0x00002f18                peripheralFeaturesList
 *fill*         0x00002f5d        0x3 
 .rodata.g_ftmBase
                0x00002f60        0x8 ./SDK/platform/drivers/src/ftm/ftm_common.o
                0x00002f60                g_ftmBase
 .rodata.g_ftmExtClockSel
                0x00002f68        0x2 ./SDK/platform/drivers/src/ftm/ftm_common.o
 *fill*         0x00002f6a        0x2 
 .rodata.g_ftmOverflowIrqId
                0x00002f6c        0x2 ./SDK/platform/drivers/src/ftm/ftm_common.o
                0x00002f6c                g_ftmOverflowIrqId
 *(.init)
 *fill*         0x00002f6e        0x2 
 .init          0x00002f70        0x4 c:/nxp/s32ds_3.4/s32ds/build_tools/gcc_v6.3/gcc-6.3-arm32-eabi/bin/../lib/gcc/arm-none-eabi/6.3.1/thumb/v6-m/crti.o
                0x00002f70                _init
 *(.fini)
 .fini          0x00002f74        0x4 c:/nxp/s32ds_3.4/s32ds/build_tools/gcc_v6.3/gcc-6.3-arm32-eabi/bin/../lib/gcc/arm-none-eabi/6.3.1/thumb/v6-m/crti.o
                0x00002f74                _fini
 *(.eh_frame)
                0x00002f78                . = ALIGN (0x4)

.glue_7         0x00002f78        0x0
 .glue_7        0x00002f78        0x0 linker stubs

.glue_7t        0x00002f78        0x0
 .glue_7t       0x00002f78        0x0 linker stubs

.vfp11_veneer   0x00002f78        0x0
 .vfp11_veneer  0x00002f78        0x0 linker stubs

.v4_bx          0x00002f78        0x0
 .v4_bx         0x00002f78        0x0 linker stubs

.iplt           0x00002f78        0x0
 .iplt          0x00002f78        0x0 c:/nxp/s32ds_3.4/s32ds/build_tools/gcc_v6.3/gcc-6.3-arm32-eabi/bin/../lib/gcc/arm-none-eabi/6.3.1/thumb/v6-m/crtbegin.o

.rel.dyn        0x00002f78        0x0
 .rel.iplt      0x00002f78        0x0 c:/nxp/s32ds_3.4/s32ds/build_tools/gcc_v6.3/gcc-6.3-arm32-eabi/bin/../lib/gcc/arm-none-eabi/6.3.1/thumb/v6-m/crtbegin.o

.ARM            0x00002f78        0x0
                0x00002f78                __exidx_start = .
 *(.ARM.exidx*)
                0x00002f78                __exidx_end = .
                0x00002f78                __etext = .
                0x00002f78                __DATA_ROM = .

.interrupts_ram
                0x20000000       0xc0
                0x20000000                . = ALIGN (0x4)
                0x20000000                __VECTOR_RAM__ = .
                0x20000000                __RAM_START = .
                0x20000000                __interrupts_ram_start__ = .
 *(.m_interrupts_ram)
                0x200000c0                . = (. + M_VECTOR_RAM_SIZE)
 *fill*         0x20000000       0xc0 
                0x200000c0                . = ALIGN (0x4)
                0x200000c0                __interrupts_ram_end__ = .
                0x20000000                __VECTOR_RAM = DEFINED (__flash_vector_table__)?ORIGIN (m_interrupts):__VECTOR_RAM__
                0x000000c0                __RAM_VECTOR_TABLE_SIZE = DEFINED (__flash_vector_table__)?0x0:(__interrupts_ram_end__ - __interrupts_ram_start__)

.data           0x200000c0      0x2dc load address 0x00002f78
                0x200000c0                . = ALIGN (0x4)
                0x200000c0                __DATA_RAM = .
                0x200000c0                __data_start__ = .
 *(.data)
 *(.data*)
 .data.peripheralClockConfig.5890
                0x200000c0       0x6e ./SDK/platform/drivers/src/clock/S32K1xx/clock_S32K1xx.o
 .data.first_init.5459
                0x2000012e        0x1 ./SDK/rtos/osif/osif_baremetal.o
 *fill*         0x2000012f        0x1 
 .data.clockMan1_InitConfig0
                0x20000130       0x80 ./board/clock_config.o
                0x20000130                clockMan1_InitConfig0
 .data.g_clockManConfigsArr
                0x200001b0        0x4 ./board/clock_config.o
                0x200001b0                g_clockManConfigsArr
 .data.peripheralClockConfig0
                0x200001b4       0x6e ./board/clock_config.o
                0x200001b4                peripheralClockConfig0
 *fill*         0x20000222        0x2 
 .data.flexTimer_pwm_1_IndependentChannelsConfig
                0x20000224        0xa ./board/peripherals_flexTimer_pwm_1.o
                0x20000224                flexTimer_pwm_1_IndependentChannelsConfig
 *fill*         0x2000022e        0x2 
 .data.flexTimer_pwm_1_InitConfig
                0x20000230       0x12 ./board/peripherals_flexTimer_pwm_1.o
                0x20000230                flexTimer_pwm_1_InitConfig
 *fill*         0x20000242        0x2 
 .data.flexTimer_pwm_1_PwmConfig
                0x20000244       0x18 ./board/peripherals_flexTimer_pwm_1.o
                0x20000244                flexTimer_pwm_1_PwmConfig
 .data.flexTimer_pwm_2_IndependentChannelsConfig
                0x2000025c       0x3c ./board/peripherals_flexTimer_pwm_2.o
                0x2000025c                flexTimer_pwm_2_IndependentChannelsConfig
 .data.flexTimer_pwm_2_InitConfig
                0x20000298       0x12 ./board/peripherals_flexTimer_pwm_2.o
                0x20000298                flexTimer_pwm_2_InitConfig
 *fill*         0x200002aa        0x2 
 .data.flexTimer_pwm_2_PwmConfig
                0x200002ac       0x18 ./board/peripherals_flexTimer_pwm_2.o
                0x200002ac                flexTimer_pwm_2_PwmConfig
 .data.g_pin_mux_InitConfigArr0
                0x200002c4       0xd8 ./board/pin_mux.o
                0x200002c4                g_pin_mux_InitConfigArr0
                0x2000039c                . = ALIGN (0x4)
                0x2000039c                __data_end__ = .
                0x00003254                __DATA_END = (__DATA_ROM + (__data_end__ - __data_start__))
                0x00003254                __CODE_ROM = __DATA_END

.igot.plt       0x2000039c        0x0 load address 0x00003254
 .igot.plt      0x2000039c        0x0 c:/nxp/s32ds_3.4/s32ds/build_tools/gcc_v6.3/gcc-6.3-arm32-eabi/bin/../lib/gcc/arm-none-eabi/6.3.1/thumb/v6-m/crtbegin.o

.code           0x2000039c        0x0 load address 0x00003254
                0x2000039c                . = ALIGN (0x4)
                0x2000039c                __CODE_RAM = .
                0x2000039c                __code_start__ = .
                0x2000039c                __code_ram_start__ = .
 *(.code_ram)
                0x2000039c                . = ALIGN (0x4)
                0x2000039c                __code_end__ = .
                0x2000039c                __code_ram_end__ = .
                0x00003254                __CODE_END = (__CODE_ROM + (__code_end__ - __code_start__))
                0x00003254                __CUSTOM_ROM = __CODE_END

.customSectionBlock
                0x1ffffc00        0x0 load address 0x00003254
                0x1ffffc00                __customSectionStart = .
                0x1ffffc00                __customSection_start__ = .
 *(.customSection)
                0x1ffffc00                __customSection_end__ = .
                0x00003254                __CUSTOM_END = (__CUSTOM_ROM + (__customSection_end__ - __customSection_start__))
                0x00003254                __rom_end = __CUSTOM_END

.bss            0x200020c0       0x60
                0x200020c0                . = ALIGN (0x4)
                0x200020c0                __BSS_START = .
                0x200020c0                __bss_start__ = .
 *(.bss)
 *(.bss*)
 .bss.g_RtcClkInFreq
                0x200020c0        0x4 ./SDK/platform/drivers/src/clock/S32K1xx/clock_S32K1xx.o
                0x200020c0                g_RtcClkInFreq
 .bss.g_TClkFreq
                0x200020c4        0xc ./SDK/platform/drivers/src/clock/S32K1xx/clock_S32K1xx.o
                0x200020c4                g_TClkFreq
 .bss.g_clockState
                0x200020d0       0x10 ./SDK/platform/drivers/src/clock/S32K1xx/clock_S32K1xx.o
 .bss.g_xtal0ClkFreq
                0x200020e0        0x4 ./SDK/platform/drivers/src/clock/S32K1xx/clock_S32K1xx.o
                0x200020e0                g_xtal0ClkFreq
 .bss.s_virtEdmaState
                0x200020e4        0x4 ./SDK/platform/drivers/src/edma/edma_driver.o
 .bss.g_flexcanStatePtr
                0x200020e8        0x4 ./SDK/platform/drivers/src/flexcan/flexcan_driver.o
 .bss.ftmStatePtr
                0x200020ec        0x8 ./SDK/platform/drivers/src/ftm/ftm_common.o
                0x200020ec                ftmStatePtr
 .bss.g_interruptDisableCount
                0x200020f4        0x4 ./SDK/platform/drivers/src/interrupt/interrupt_manager.o
 .bss.s_osif_tick_cnt
                0x200020f8        0x4 ./SDK/rtos/osif/osif_baremetal.o
 .bss.g_clockManCallbacksArr
                0x200020fc        0x4 ./board/clock_config.o
                0x200020fc                g_clockManCallbacksArr
 .bss.flexTimer_pwm_1_FaultConfig
                0x20002100       0x10 ./board/peripherals_flexTimer_pwm_1.o
                0x20002100                flexTimer_pwm_1_FaultConfig
 .bss.flexTimer_pwm_2_FaultConfig
                0x20002110       0x10 ./board/peripherals_flexTimer_pwm_2.o
                0x20002110                flexTimer_pwm_2_FaultConfig
 *(COMMON)
                0x20002120                . = ALIGN (0x4)
                0x20002120                __bss_end__ = .
                0x20002120                __BSS_END = .

.heap           0x20002120      0x200
                0x20002120                . = ALIGN (0x8)
                0x20002120                __end__ = .
                0x20002120                __heap_start__ = .
                [!provide]                PROVIDE (end, .)
                [!provide]                PROVIDE (_end, .)
                [!provide]                PROVIDE (__end, .)
                0x20002120                __HeapBase = .
                0x20002320                . = (. + HEAP_SIZE)
 *fill*         0x20002120      0x200 
                0x20002320                __HeapLimit = .
                0x20002320                __heap_limit = .
                0x20002320                __heap_end__ = .
                0x20003800                __StackTop = (ORIGIN (m_data_2) + LENGTH (m_data_2))
                0x20003600                __StackLimit = (__StackTop - STACK_SIZE)
                0x20003800                PROVIDE (__stack, __StackTop)
                0x20003800                __RAM_END = __StackTop

.stack          0x20003600      0x200
                0x20003600                . = ALIGN (0x8)
                0x20003600                __stack_start__ = .
                0x20003800                . = (. + STACK_SIZE)
 *fill*         0x20003600      0x200 
                0x20003800                __stack_end__ = .

.ARM.attributes
                0x00000000       0x28
 *(.ARM.attributes)
 .ARM.attributes
                0x00000000       0x1e c:/nxp/s32ds_3.4/s32ds/build_tools/gcc_v6.3/gcc-6.3-arm32-eabi/bin/../lib/gcc/arm-none-eabi/6.3.1/thumb/v6-m/crti.o
 .ARM.attributes
                0x0000001e       0x1b ./Project_Settings/Startup_Code/startup_S32K116.o
 .ARM.attributes
                0x00000039       0x32 ./SDK/platform/devices/S32K116/startup/system_S32K116.o
 .ARM.attributes
                0x0000006b       0x32 ./SDK/platform/devices/startup.o
 .ARM.attributes
                0x0000009d       0x32 ./SDK/platform/drivers/src/clock/S32K1xx/clock_S32K1xx.o
 .ARM.attributes
                0x000000cf       0x32 ./SDK/platform/drivers/src/edma/edma_driver.o
 .ARM.attributes
                0x00000101       0x32 ./SDK/platform/drivers/src/edma/edma_hw_access.o
 .ARM.attributes
                0x00000133       0x32 ./SDK/platform/drivers/src/edma/edma_irq.o
 .ARM.attributes
                0x00000165       0x32 ./SDK/platform/drivers/src/flexcan/flexcan_driver.o
 .ARM.attributes
                0x00000197       0x32 ./SDK/platform/drivers/src/flexcan/flexcan_hw_access.o
 .ARM.attributes
                0x000001c9       0x32 ./SDK/platform/drivers/src/flexcan/flexcan_irq.o
 .ARM.attributes
                0x000001fb       0x32 ./SDK/platform/drivers/src/ftm/ftm_common.o
 .ARM.attributes
                0x0000022d       0x32 ./SDK/platform/drivers/src/ftm/ftm_hw_access.o
 .ARM.attributes
                0x0000025f       0x32 ./SDK/platform/drivers/src/ftm/ftm_pwm_driver.o
 .ARM.attributes
                0x00000291       0x32 ./SDK/platform/drivers/src/interrupt/interrupt_manager.o
 .ARM.attributes
                0x000002c3       0x32 ./SDK/platform/drivers/src/pins/pins_driver.o
 .ARM.attributes
                0x000002f5       0x32 ./SDK/platform/drivers/src/pins/pins_port_hw_access.o
 .ARM.attributes
                0x00000327       0x32 ./SDK/rtos/osif/osif_baremetal.o
 .ARM.attributes
                0x00000359       0x32 ./board/clock_config.o
 .ARM.attributes
                0x0000038b       0x32 ./board/peripherals_flexTimer_pwm_1.o
 .ARM.attributes
                0x000003bd       0x32 ./board/peripherals_flexTimer_pwm_2.o
 .ARM.attributes
                0x000003ef       0x32 ./board/pin_mux.o
 .ARM.attributes
                0x00000421       0x32 ./src/main.o
 .ARM.attributes
                0x00000453       0x1e c:/nxp/s32ds_3.4/s32ds/build_tools/gcc_v6.3/gcc-6.3-arm32-eabi/bin/../lib/gcc/arm-none-eabi/6.3.1/thumb/v6-m\libgcc.a(_udivsi3.o)
 .ARM.attributes
                0x00000471       0x1e c:/nxp/s32ds_3.4/s32ds/build_tools/gcc_v6.3/gcc-6.3-arm32-eabi/bin/../lib/gcc/arm-none-eabi/6.3.1/thumb/v6-m\libgcc.a(_dvmd_tls.o)
                0x00000001                ASSERT ((__rom_end <= (ORIGIN (m_text) + LENGTH (m_text))), Region m_text overflowed!)
                0x00000001                ASSERT ((__StackLimit >= __HeapLimit), region m_data_2 overflowed with stack and heap)
OUTPUT(ftm_pwm_s32k116.elf elf32-littlearm)

.debug_line     0x00000000     0x95cc
 .debug_line    0x00000000       0xcf ./Project_Settings/Startup_Code/startup_S32K116.o
 .debug_line    0x000000cf      0x41f ./SDK/platform/devices/S32K116/startup/system_S32K116.o
 .debug_line    0x000004ee      0x3aa ./SDK/platform/devices/startup.o
 .debug_line    0x00000898     0x11b4 ./SDK/platform/drivers/src/clock/S32K1xx/clock_S32K1xx.o
 .debug_line    0x00001a4c      0xa82 ./SDK/platform/drivers/src/edma/edma_driver.o
 .debug_line    0x000024ce      0x566 ./SDK/platform/drivers/src/edma/edma_hw_access.o
 .debug_line    0x00002a34      0x454 ./SDK/platform/drivers/src/edma/edma_irq.o
 .debug_line    0x00002e88     0x10ff ./SDK/platform/drivers/src/flexcan/flexcan_driver.o
 .debug_line    0x00003f87      0xaef ./SDK/platform/drivers/src/flexcan/flexcan_hw_access.o
 .debug_line    0x00004a76      0x3b8 ./SDK/platform/drivers/src/flexcan/flexcan_irq.o
 .debug_line    0x00004e2e      0x9ac ./SDK/platform/drivers/src/ftm/ftm_common.o
 .debug_line    0x000057da      0x591 ./SDK/platform/drivers/src/ftm/ftm_hw_access.o
 .debug_line    0x00005d6b      0x9e1 ./SDK/platform/drivers/src/ftm/ftm_pwm_driver.o
 .debug_line    0x0000674c      0x542 ./SDK/platform/drivers/src/interrupt/interrupt_manager.o
 .debug_line    0x00006c8e      0x6e0 ./SDK/platform/drivers/src/pins/pins_driver.o
 .debug_line    0x0000736e      0x508 ./SDK/platform/drivers/src/pins/pins_port_hw_access.o
 .debug_line    0x00007876      0x5fa ./SDK/rtos/osif/osif_baremetal.o
 .debug_line    0x00007e70      0x451 ./board/clock_config.o
 .debug_line    0x000082c1      0x434 ./board/peripherals_flexTimer_pwm_1.o
 .debug_line    0x000086f5      0x434 ./board/peripherals_flexTimer_pwm_2.o
 .debug_line    0x00008b29      0x3ea ./board/pin_mux.o
 .debug_line    0x00008f13      0x6b9 ./src/main.o

.debug_info     0x00000000    0x1f18f
 .debug_info    0x00000000       0x26 ./Project_Settings/Startup_Code/startup_S32K116.o
 .debug_info    0x00000026      0x3f3 ./SDK/platform/devices/S32K116/startup/system_S32K116.o
 .debug_info    0x00000419      0x295 ./SDK/platform/devices/startup.o
 .debug_info    0x000006ae     0x51e1 ./SDK/platform/drivers/src/clock/S32K1xx/clock_S32K1xx.o
 .debug_info    0x0000588f     0x36a7 ./SDK/platform/drivers/src/edma/edma_driver.o
 .debug_info    0x00008f36      0x959 ./SDK/platform/drivers/src/edma/edma_hw_access.o
 .debug_info    0x0000988f      0x518 ./SDK/platform/drivers/src/edma/edma_irq.o
 .debug_info    0x00009da7     0x5444 ./SDK/platform/drivers/src/flexcan/flexcan_driver.o
 .debug_info    0x0000f1eb     0x2040 ./SDK/platform/drivers/src/flexcan/flexcan_hw_access.o
 .debug_info    0x0001122b       0xcc ./SDK/platform/drivers/src/flexcan/flexcan_irq.o
 .debug_info    0x000112f7     0x2a8d ./SDK/platform/drivers/src/ftm/ftm_common.o
 .debug_info    0x00013d84      0x859 ./SDK/platform/drivers/src/ftm/ftm_hw_access.o
 .debug_info    0x000145dd     0x2908 ./SDK/platform/drivers/src/ftm/ftm_pwm_driver.o
 .debug_info    0x00016ee5      0x788 ./SDK/platform/drivers/src/interrupt/interrupt_manager.o
 .debug_info    0x0001766d     0x1301 ./SDK/platform/drivers/src/pins/pins_driver.o
 .debug_info    0x0001896e      0x635 ./SDK/platform/drivers/src/pins/pins_port_hw_access.o
 .debug_info    0x00018fa3      0xa6e ./SDK/rtos/osif/osif_baremetal.o
 .debug_info    0x00019a11     0x114d ./board/clock_config.o
 .debug_info    0x0001ab5e      0xb99 ./board/peripherals_flexTimer_pwm_1.o
 .debug_info    0x0001b6f7      0xb9a ./board/peripherals_flexTimer_pwm_2.o
 .debug_info    0x0001c291      0x403 ./board/pin_mux.o
 .debug_info    0x0001c694     0x2afb ./src/main.o

.debug_abbrev   0x00000000     0x3036
 .debug_abbrev  0x00000000       0x14 ./Project_Settings/Startup_Code/startup_S32K116.o
 .debug_abbrev  0x00000014      0x14c ./SDK/platform/devices/S32K116/startup/system_S32K116.o
 .debug_abbrev  0x00000160       0xe1 ./SDK/platform/devices/startup.o
 .debug_abbrev  0x00000241      0x3fe ./SDK/platform/drivers/src/clock/S32K1xx/clock_S32K1xx.o
 .debug_abbrev  0x0000063f      0x441 ./SDK/platform/drivers/src/edma/edma_driver.o
 .debug_abbrev  0x00000a80      0x208 ./SDK/platform/drivers/src/edma/edma_hw_access.o
 .debug_abbrev  0x00000c88      0x1ac ./SDK/platform/drivers/src/edma/edma_irq.o
 .debug_abbrev  0x00000e34      0x494 ./SDK/platform/drivers/src/flexcan/flexcan_driver.o
 .debug_abbrev  0x000012c8      0x409 ./SDK/platform/drivers/src/flexcan/flexcan_hw_access.o
 .debug_abbrev  0x000016d1       0x6f ./SDK/platform/drivers/src/flexcan/flexcan_irq.o
 .debug_abbrev  0x00001740      0x393 ./SDK/platform/drivers/src/ftm/ftm_common.o
 .debug_abbrev  0x00001ad3      0x1cf ./SDK/platform/drivers/src/ftm/ftm_hw_access.o
 .debug_abbrev  0x00001ca2      0x2f0 ./SDK/platform/drivers/src/ftm/ftm_pwm_driver.o
 .debug_abbrev  0x00001f92      0x1e8 ./SDK/platform/drivers/src/interrupt/interrupt_manager.o
 .debug_abbrev  0x0000217a      0x2eb ./SDK/platform/drivers/src/pins/pins_driver.o
 .debug_abbrev  0x00002465      0x1b7 ./SDK/platform/drivers/src/pins/pins_port_hw_access.o
 .debug_abbrev  0x0000261c      0x30c ./SDK/rtos/osif/osif_baremetal.o
 .debug_abbrev  0x00002928      0x125 ./board/clock_config.o
 .debug_abbrev  0x00002a4d      0x14e ./board/peripherals_flexTimer_pwm_1.o
 .debug_abbrev  0x00002b9b      0x15b ./board/peripherals_flexTimer_pwm_2.o
 .debug_abbrev  0x00002cf6       0xcd ./board/pin_mux.o
 .debug_abbrev  0x00002dc3      0x273 ./src/main.o

.debug_aranges  0x00000000      0x9d8
 .debug_aranges
                0x00000000       0x20 ./Project_Settings/Startup_Code/startup_S32K116.o
 .debug_aranges
                0x00000020       0x30 ./SDK/platform/devices/S32K116/startup/system_S32K116.o
 .debug_aranges
                0x00000050       0x20 ./SDK/platform/devices/startup.o
 .debug_aranges
                0x00000070      0x118 ./SDK/platform/drivers/src/clock/S32K1xx/clock_S32K1xx.o
 .debug_aranges
                0x00000188      0x138 ./SDK/platform/drivers/src/edma/edma_driver.o
 .debug_aranges
                0x000002c0       0x88 ./SDK/platform/drivers/src/edma/edma_hw_access.o
 .debug_aranges
                0x00000348       0x40 ./SDK/platform/drivers/src/edma/edma_irq.o
 .debug_aranges
                0x00000388      0x178 ./SDK/platform/drivers/src/flexcan/flexcan_driver.o
 .debug_aranges
                0x00000500       0xf8 ./SDK/platform/drivers/src/flexcan/flexcan_hw_access.o
 .debug_aranges
                0x000005f8       0x28 ./SDK/platform/drivers/src/flexcan/flexcan_irq.o
 .debug_aranges
                0x00000620       0xc8 ./SDK/platform/drivers/src/ftm/ftm_common.o
 .debug_aranges
                0x000006e8       0x38 ./SDK/platform/drivers/src/ftm/ftm_hw_access.o
 .debug_aranges
                0x00000720       0x58 ./SDK/platform/drivers/src/ftm/ftm_pwm_driver.o
 .debug_aranges
                0x00000778       0x68 ./SDK/platform/drivers/src/interrupt/interrupt_manager.o
 .debug_aranges
                0x000007e0       0xd0 ./SDK/platform/drivers/src/pins/pins_driver.o
 .debug_aranges
                0x000008b0       0x38 ./SDK/platform/drivers/src/pins/pins_port_hw_access.o
 .debug_aranges
                0x000008e8       0x70 ./SDK/rtos/osif/osif_baremetal.o
 .debug_aranges
                0x00000958       0x18 ./board/clock_config.o
 .debug_aranges
                0x00000970       0x18 ./board/peripherals_flexTimer_pwm_1.o
 .debug_aranges
                0x00000988       0x18 ./board/peripherals_flexTimer_pwm_2.o
 .debug_aranges
                0x000009a0       0x18 ./board/pin_mux.o
 .debug_aranges
                0x000009b8       0x20 ./src/main.o

.debug_str      0x00000000    0x65d5f
 .debug_str     0x00000000       0x9b ./Project_Settings/Startup_Code/startup_S32K116.o
 .debug_str     0x0000009b    0x569a0 ./SDK/platform/devices/S32K116/startup/system_S32K116.o
                              0x56b23 (size before relaxing)
 .debug_str     0x00056a3b      0x399 ./SDK/platform/devices/startup.o
                              0x56d11 (size before relaxing)
 .debug_str     0x00056dd4     0x3a97 ./SDK/platform/drivers/src/clock/S32K1xx/clock_S32K1xx.o
                              0x5a590 (size before relaxing)
 .debug_str     0x0005a86b     0x18e3 ./SDK/platform/drivers/src/edma/edma_driver.o
                              0x5908b (size before relaxing)
 .debug_str     0x0005c14e       0x46 ./SDK/platform/drivers/src/edma/edma_hw_access.o
                              0x57225 (size before relaxing)
 .debug_str     0x0005c194       0x9c ./SDK/platform/drivers/src/edma/edma_irq.o
                              0x56ea2 (size before relaxing)
 .debug_str     0x0005c230     0x299f ./SDK/platform/drivers/src/flexcan/flexcan_driver.o
                              0x5a88f (size before relaxing)
 .debug_str     0x0005ebcf      0x539 ./SDK/platform/drivers/src/flexcan/flexcan_hw_access.o
                              0x591b2 (size before relaxing)
 .debug_str     0x0005f108       0x6f ./SDK/platform/drivers/src/flexcan/flexcan_irq.o
                              0x56952 (size before relaxing)
 .debug_str     0x0005f177     0x1af0 ./SDK/platform/drivers/src/ftm/ftm_common.o
                              0x59812 (size before relaxing)
 .debug_str     0x00060c67       0xd9 ./SDK/platform/drivers/src/ftm/ftm_hw_access.o
                              0x57ed7 (size before relaxing)
 .debug_str     0x00060d40      0xabf ./SDK/platform/drivers/src/ftm/ftm_pwm_driver.o
                              0x591aa (size before relaxing)
 .debug_str     0x000617ff      0x1af ./SDK/platform/drivers/src/interrupt/interrupt_manager.o
                              0x57084 (size before relaxing)
 .debug_str     0x000619ae      0x942 ./SDK/platform/drivers/src/pins/pins_driver.o
                              0x57dd5 (size before relaxing)
 .debug_str     0x000622f0       0x8a ./SDK/platform/drivers/src/pins/pins_port_hw_access.o
                              0x57144 (size before relaxing)
 .debug_str     0x0006237a      0x1e9 ./SDK/rtos/osif/osif_baremetal.o
                              0x57c22 (size before relaxing)
 .debug_str     0x00062563       0xda ./board/clock_config.o
                              0x586c3 (size before relaxing)
 .debug_str     0x0006263d       0xcd ./board/peripherals_flexTimer_pwm_1.o
                              0x582dd (size before relaxing)
 .debug_str     0x0006270a       0xcd ./board/peripherals_flexTimer_pwm_2.o
                              0x582dd (size before relaxing)
 .debug_str     0x000627d7       0x53 ./board/pin_mux.o
                              0x56fdd (size before relaxing)
 .debug_str     0x0006282a     0x3535 ./src/main.o
                              0x5e14f (size before relaxing)

.debug_loc      0x00000000    0x12197
 .debug_loc     0x00000000       0xc0 ./SDK/platform/devices/S32K116/startup/system_S32K116.o
 .debug_loc     0x000000c0       0x32 ./SDK/platform/devices/startup.o
 .debug_loc     0x000000f2     0x4227 ./SDK/platform/drivers/src/clock/S32K1xx/clock_S32K1xx.o
 .debug_loc     0x00004319     0x283d ./SDK/platform/drivers/src/edma/edma_driver.o
 .debug_loc     0x00006b56      0x806 ./SDK/platform/drivers/src/edma/edma_hw_access.o
 .debug_loc     0x0000735c       0x63 ./SDK/platform/drivers/src/edma/edma_irq.o
 .debug_loc     0x000073bf     0x3dd1 ./SDK/platform/drivers/src/flexcan/flexcan_driver.o
 .debug_loc     0x0000b190     0x1f91 ./SDK/platform/drivers/src/flexcan/flexcan_hw_access.o
 .debug_loc     0x0000d121     0x1bb4 ./SDK/platform/drivers/src/ftm/ftm_common.o
 .debug_loc     0x0000ecd5      0x273 ./SDK/platform/drivers/src/ftm/ftm_hw_access.o
 .debug_loc     0x0000ef48     0x1f01 ./SDK/platform/drivers/src/ftm/ftm_pwm_driver.o
 .debug_loc     0x00010e49      0x38c ./SDK/platform/drivers/src/interrupt/interrupt_manager.o
 .debug_loc     0x000111d5      0x9b8 ./SDK/platform/drivers/src/pins/pins_driver.o
 .debug_loc     0x00011b8d      0x35a ./SDK/platform/drivers/src/pins/pins_port_hw_access.o
 .debug_loc     0x00011ee7      0x27e ./SDK/rtos/osif/osif_baremetal.o
 .debug_loc     0x00012165       0x32 ./src/main.o

.debug_ranges   0x00000000     0x1218
 .debug_ranges  0x00000000       0x20 ./SDK/platform/devices/S32K116/startup/system_S32K116.o
 .debug_ranges  0x00000020       0x10 ./SDK/platform/devices/startup.o
 .debug_ranges  0x00000030      0x418 ./SDK/platform/drivers/src/clock/S32K1xx/clock_S32K1xx.o
 .debug_ranges  0x00000448      0x158 ./SDK/platform/drivers/src/edma/edma_driver.o
 .debug_ranges  0x000005a0       0x90 ./SDK/platform/drivers/src/edma/edma_hw_access.o
 .debug_ranges  0x00000630       0x30 ./SDK/platform/drivers/src/edma/edma_irq.o
 .debug_ranges  0x00000660      0x358 ./SDK/platform/drivers/src/flexcan/flexcan_driver.o
 .debug_ranges  0x000009b8      0x178 ./SDK/platform/drivers/src/flexcan/flexcan_hw_access.o
 .debug_ranges  0x00000b30       0x18 ./SDK/platform/drivers/src/flexcan/flexcan_irq.o
 .debug_ranges  0x00000b48      0x160 ./SDK/platform/drivers/src/ftm/ftm_common.o
 .debug_ranges  0x00000ca8       0x28 ./SDK/platform/drivers/src/ftm/ftm_hw_access.o
 .debug_ranges  0x00000cd0      0x320 ./SDK/platform/drivers/src/ftm/ftm_pwm_driver.o
 .debug_ranges  0x00000ff0       0x88 ./SDK/platform/drivers/src/interrupt/interrupt_manager.o
 .debug_ranges  0x00001078       0xd8 ./SDK/platform/drivers/src/pins/pins_driver.o
 .debug_ranges  0x00001150       0x28 ./SDK/platform/drivers/src/pins/pins_port_hw_access.o
 .debug_ranges  0x00001178       0x90 ./SDK/rtos/osif/osif_baremetal.o
 .debug_ranges  0x00001208       0x10 ./src/main.o

.debug_macro    0x00000000    0x1c6fe
 .debug_macro   0x00000000       0xb7 ./SDK/platform/devices/S32K116/startup/system_S32K116.o
 .debug_macro   0x000000b7      0x8bc ./SDK/platform/devices/S32K116/startup/system_S32K116.o
 .debug_macro   0x00000973       0x10 ./SDK/platform/devices/S32K116/startup/system_S32K116.o
 .debug_macro   0x00000983       0x73 ./SDK/platform/devices/S32K116/startup/system_S32K116.o
 .debug_macro   0x000009f6       0x16 ./SDK/platform/devices/S32K116/startup/system_S32K116.o
 .debug_macro   0x00000a0c       0x22 ./SDK/platform/devices/S32K116/startup/system_S32K116.o
 .debug_macro   0x00000a2e       0x4f ./SDK/platform/devices/S32K116/startup/system_S32K116.o
 .debug_macro   0x00000a7d       0x51 ./SDK/platform/devices/S32K116/startup/system_S32K116.o
 .debug_macro   0x00000ace       0xef ./SDK/platform/devices/S32K116/startup/system_S32K116.o
 .debug_macro   0x00000bbd       0x6a ./SDK/platform/devices/S32K116/startup/system_S32K116.o
 .debug_macro   0x00000c27      0x1df ./SDK/platform/devices/S32K116/startup/system_S32K116.o
 .debug_macro   0x00000e06     0xc464 ./SDK/platform/devices/S32K116/startup/system_S32K116.o
 .debug_macro   0x0000d26a      0x9f3 ./SDK/platform/devices/S32K116/startup/system_S32K116.o
 .debug_macro   0x0000dc5d       0x22 ./SDK/platform/devices/S32K116/startup/system_S32K116.o
 .debug_macro   0x0000dc7f       0x22 ./SDK/platform/devices/S32K116/startup/system_S32K116.o
 .debug_macro   0x0000dca1       0xb8 ./SDK/platform/devices/startup.o
 .debug_macro   0x0000dd59     0xc476 ./SDK/platform/devices/startup.o
 .debug_macro   0x0001a1cf       0x40 ./SDK/platform/devices/startup.o
 .debug_macro   0x0001a20f      0x292 ./SDK/platform/drivers/src/clock/S32K1xx/clock_S32K1xx.o
 .debug_macro   0x0001a4a1      0x16d ./SDK/platform/drivers/src/clock/S32K1xx/clock_S32K1xx.o
 .debug_macro   0x0001a60e       0x16 ./SDK/platform/drivers/src/clock/S32K1xx/clock_S32K1xx.o
 .debug_macro   0x0001a624       0x8a ./SDK/platform/drivers/src/clock/S32K1xx/clock_S32K1xx.o
 .debug_macro   0x0001a6ae       0xf9 ./SDK/platform/drivers/src/edma/edma_driver.o
 .debug_macro   0x0001a7a7       0x10 ./SDK/platform/drivers/src/edma/edma_driver.o
 .debug_macro   0x0001a7b7       0x16 ./SDK/platform/drivers/src/edma/edma_driver.o
 .debug_macro   0x0001a7cd       0xce ./SDK/platform/drivers/src/edma/edma_hw_access.o
 .debug_macro   0x0001a89b       0xd2 ./SDK/platform/drivers/src/edma/edma_irq.o
 .debug_macro   0x0001a96d      0x19d ./SDK/platform/drivers/src/flexcan/flexcan_driver.o
 .debug_macro   0x0001ab0a       0x4c ./SDK/platform/drivers/src/flexcan/flexcan_driver.o
 .debug_macro   0x0001ab56       0x55 ./SDK/platform/drivers/src/flexcan/flexcan_driver.o
 .debug_macro   0x0001abab       0x3c ./SDK/platform/drivers/src/flexcan/flexcan_driver.o
 .debug_macro   0x0001abe7       0x9c ./SDK/platform/drivers/src/flexcan/flexcan_driver.o
 .debug_macro   0x0001ac83       0x16 ./SDK/platform/drivers/src/flexcan/flexcan_driver.o
 .debug_macro   0x0001ac99       0x57 ./SDK/platform/drivers/src/flexcan/flexcan_driver.o
 .debug_macro   0x0001acf0       0x10 ./SDK/platform/drivers/src/flexcan/flexcan_driver.o
 .debug_macro   0x0001ad00      0x184 ./SDK/platform/drivers/src/flexcan/flexcan_driver.o
 .debug_macro   0x0001ae84      0x16d ./SDK/platform/drivers/src/flexcan/flexcan_hw_access.o
 .debug_macro   0x0001aff1       0xb8 ./SDK/platform/drivers/src/flexcan/flexcan_irq.o
 .debug_macro   0x0001b0a9      0x10f ./SDK/platform/drivers/src/ftm/ftm_common.o
 .debug_macro   0x0001b1b8       0xcc ./SDK/platform/drivers/src/ftm/ftm_common.o
 .debug_macro   0x0001b284      0x108 ./SDK/platform/drivers/src/ftm/ftm_hw_access.o
 .debug_macro   0x0001b38c      0x122 ./SDK/platform/drivers/src/ftm/ftm_pwm_driver.o
 .debug_macro   0x0001b4ae       0x10 ./SDK/platform/drivers/src/ftm/ftm_pwm_driver.o
 .debug_macro   0x0001b4be       0xcb ./SDK/platform/drivers/src/interrupt/interrupt_manager.o
 .debug_macro   0x0001b589       0xdf ./SDK/platform/drivers/src/pins/pins_driver.o
 .debug_macro   0x0001b668       0xdf ./SDK/platform/drivers/src/pins/pins_port_hw_access.o
 .debug_macro   0x0001b747       0xfd ./SDK/rtos/osif/osif_baremetal.o
 .debug_macro   0x0001b844       0xda ./board/clock_config.o
 .debug_macro   0x0001b91e       0x16 ./board/clock_config.o
 .debug_macro   0x0001b934       0xf9 ./board/peripherals_flexTimer_pwm_1.o
 .debug_macro   0x0001ba2d       0xf9 ./board/peripherals_flexTimer_pwm_2.o
 .debug_macro   0x0001bb26       0xdb ./board/pin_mux.o
 .debug_macro   0x0001bc01      0x28d ./src/main.o
 .debug_macro   0x0001be8e       0x10 ./src/main.o
 .debug_macro   0x0001be9e       0x52 ./src/main.o
 .debug_macro   0x0001bef0       0x16 ./src/main.o
 .debug_macro   0x0001bf06       0x35 ./src/main.o
 .debug_macro   0x0001bf3b      0x330 ./src/main.o
 .debug_macro   0x0001c26b       0x10 ./src/main.o
 .debug_macro   0x0001c27b       0x52 ./src/main.o
 .debug_macro   0x0001c2cd       0x1f ./src/main.o
 .debug_macro   0x0001c2ec       0x43 ./src/main.o
 .debug_macro   0x0001c32f       0x20 ./src/main.o
 .debug_macro   0x0001c34f      0x1a3 ./src/main.o
 .debug_macro   0x0001c4f2       0x10 ./src/main.o
 .debug_macro   0x0001c502       0xb6 ./src/main.o
 .debug_macro   0x0001c5b8       0x16 ./src/main.o
 .debug_macro   0x0001c5ce      0x130 ./src/main.o

.comment        0x00000000       0xa0
 .comment       0x00000000       0xa0 ./SDK/platform/devices/S32K116/startup/system_S32K116.o
                                 0xa1 (size before relaxing)
 .comment       0x000000a0       0xa1 ./SDK/platform/devices/startup.o
 .comment       0x000000a0       0xa1 ./SDK/platform/drivers/src/clock/S32K1xx/clock_S32K1xx.o
 .comment       0x000000a0       0xa1 ./SDK/platform/drivers/src/edma/edma_driver.o
 .comment       0x000000a0       0xa1 ./SDK/platform/drivers/src/edma/edma_hw_access.o
 .comment       0x000000a0       0xa1 ./SDK/platform/drivers/src/edma/edma_irq.o
 .comment       0x000000a0       0xa1 ./SDK/platform/drivers/src/flexcan/flexcan_driver.o
 .comment       0x000000a0       0xa1 ./SDK/platform/drivers/src/flexcan/flexcan_hw_access.o
 .comment       0x000000a0       0xa1 ./SDK/platform/drivers/src/flexcan/flexcan_irq.o
 .comment       0x000000a0       0xa1 ./SDK/platform/drivers/src/ftm/ftm_common.o
 .comment       0x000000a0       0xa1 ./SDK/platform/drivers/src/ftm/ftm_hw_access.o
 .comment       0x000000a0       0xa1 ./SDK/platform/drivers/src/ftm/ftm_pwm_driver.o
 .comment       0x000000a0       0xa1 ./SDK/platform/drivers/src/interrupt/interrupt_manager.o
 .comment       0x000000a0       0xa1 ./SDK/platform/drivers/src/pins/pins_driver.o
 .comment       0x000000a0       0xa1 ./SDK/platform/drivers/src/pins/pins_port_hw_access.o
 .comment       0x000000a0       0xa1 ./SDK/rtos/osif/osif_baremetal.o
 .comment       0x000000a0       0xa1 ./board/clock_config.o
 .comment       0x000000a0       0xa1 ./board/peripherals_flexTimer_pwm_1.o
 .comment       0x000000a0       0xa1 ./board/peripherals_flexTimer_pwm_2.o
 .comment       0x000000a0       0xa1 ./board/pin_mux.o
 .comment       0x000000a0       0xa1 ./src/main.o

.debug_frame    0x00000000     0x1898
 .debug_frame   0x00000000       0x48 ./SDK/platform/devices/S32K116/startup/system_S32K116.o
 .debug_frame   0x00000048       0x2c ./SDK/platform/devices/startup.o
 .debug_frame   0x00000074      0x32c ./SDK/platform/drivers/src/clock/S32K1xx/clock_S32K1xx.o
 .debug_frame   0x000003a0      0x370 ./SDK/platform/drivers/src/edma/edma_driver.o
 .debug_frame   0x00000710      0x12c ./SDK/platform/drivers/src/edma/edma_hw_access.o
 .debug_frame   0x0000083c       0x8c ./SDK/platform/drivers/src/edma/edma_irq.o
 .debug_frame   0x000008c8      0x4fc ./SDK/platform/drivers/src/flexcan/flexcan_driver.o
 .debug_frame   0x00000dc4      0x2cc ./SDK/platform/drivers/src/flexcan/flexcan_hw_access.o
 .debug_frame   0x00001090       0x40 ./SDK/platform/drivers/src/flexcan/flexcan_irq.o
 .debug_frame   0x000010d0      0x218 ./SDK/platform/drivers/src/ftm/ftm_common.o
 .debug_frame   0x000012e8       0x5c ./SDK/platform/drivers/src/ftm/ftm_hw_access.o
 .debug_frame   0x00001344      0x114 ./SDK/platform/drivers/src/ftm/ftm_pwm_driver.o
 .debug_frame   0x00001458       0xc4 ./SDK/platform/drivers/src/interrupt/interrupt_manager.o
 .debug_frame   0x0000151c      0x1c4 ./SDK/platform/drivers/src/pins/pins_driver.o
 .debug_frame   0x000016e0       0x6c ./SDK/platform/drivers/src/pins/pins_port_hw_access.o
 .debug_frame   0x0000174c       0xf4 ./SDK/rtos/osif/osif_baremetal.o
 .debug_frame   0x00001840       0x38 ./src/main.o
 .debug_frame   0x00001878       0x20 c:/nxp/s32ds_3.4/s32ds/build_tools/gcc_v6.3/gcc-6.3-arm32-eabi/bin/../lib/gcc/arm-none-eabi/6.3.1/thumb/v6-m\libgcc.a(_udivsi3.o)
